---
source: src/plugins/plugin_set.rs
expression: plugin_set.result()
---
## Request Size
Reqs. #: 4 Reads: 2 (50.00%) Writes: 1 (25.00%) Discard: 1 (25.00%) Size:(min: 1 avg: 2.75 max: 4 (blks))
## Seek
Seq.: 85.71% Seeks #: 1 min: 9 avg: 9.00 max: 9 (blks)
