---
source: src/plugins/plugin_set.rs
expression: plugin_set.result()
---
## Request Size
No updates
