---
source: src/plugins/plugin_set.rs
expression: plugin_set.result()
---
## Request Size
No updates
## Seek
No updates
## Merge
#I: 1 #F+#M: 2 ratio: 3.00
